Microchip MPLAB XC8 Compiler V1.36 ()

Linker command line:

--edf=/opt/microchip/xc8/v1.36/dat/en_msgs.txt -cs -h+pic18F4580.sym \
  --cmf=pic18F4580.cmf -z -Q18F4580 -o/tmp/xcXrl0gRj -Mpic18F4580.map \
  -ver=XC8 -ASTACK=06Bh-05ffh -pstack=STACK -ACODE=00h-03000h \
  -ACONST=00h-03000h -ASMALLCONST=0600h-06FFhx42,03000h-03000h \
  -AMEDIUMCONST=0600h-03000h -ACOMRAM=01h-05Fh -AABS1=00h-05FFh \
  -ABIGRAM=01h-05FFh -ARAM=060h-0FFh,0100h-01FFhx5 -ABANK0=060h-0FFh \
  -ABANK1=0100h-01FFh -ABANK2=0200h-02FFh -ABANK3=0300h-03FFh \
  -ABANK4=0400h-04FFh -ABANK5=0500h-05FFh \
  -ASFR=0D00h-0DFFhx2,0F00h-0F5Fh,0F60h-0FFFh \
  -preset_vec=00h,intcode=08h,intcodelo,powerup,init,end_init \
  -pramtop=0600h -psmallconst=SMALLCONST -pmediumconst=MEDIUMCONST \
  -pconst=CONST -AFARRAM=00h-00h -ACONFIG=0300000h-030000Dh -pconfig=CONFIG \
  -AIDLOC=0200000h-0200007h -pidloc=IDLOC -AEEDATA=0F00000h-0F000FFh \
  -peeprom_data=EEDATA \
  -prdata=COMRAM,nvrram=COMRAM,nvbit=COMRAM,rbss=COMRAM,rbit=COMRAM \
  -pfarbss=FARRAM,fardata=FARRAM,nvFARRAM=FARRAM \
  -pintsave_regs=BIGRAM,bigbss=BIGRAM,bigdata=BIGRAM -pbss=RAM \
  -pidata=CODE,irdata=CODE,ibigdata=CODE,ifardata=CODE -prparam=COMRAM \
  startup.obj pic18F4580.obj 

Object code version is 3.11

Machine type is 18F4580

Call graph: (short form)




                Name                               Link     Load   Length Selector   Space Scale
startup.obj     end_init                             16       16        4        4       0
                reset_vec                             0        0        4        0       0
                config                           300000   300000        8   300000       0
pic18F4580.obj  intcode                               8        8        E        4       0
                temp                                 47       47        1        1       1
                smallconst                          600      600       1C      300       0
                intcode_body                        9A2      9A2       9E      30E       0
                text30                              BDE      BDE       52      30E       0
                text29                              C72      C72       42      30E       0
                text28                              D74      D74       28      30E       0
                text27                              E42      E42       18      30E       0
                text26                              B28      B28       60      30E       0
                text25                              EA6      EA6       12      30E       0
                text24                              EF8      EF8        6      30E       0
                text23                              EF0      EF0        8      30E       0
                text22                              EE8      EE8        8      30E       0
                text21                              EC4      EC4        C      30E       0
                text20                              EE0      EE0        8      30E       0
                text19                              ED8      ED8        8      30E       0
                text18                              ED0      ED0        8      30E       0
                text17                              EB8      EB8        C      30E       0
                text16                              D22      D22       2A      30E       0
                text15                              AB8      AB8       70      30E       0
                text14                              D4C      D4C       28      30E       0
                text13                              CEC      CEC       36      30E       0
                text12                              E0C      E0C       1E      30E       0
                text11                              B88      B88       56      30E       0
                text10                              E5A      E5A       16      30E       0
                text9                               E94      E94       12      30E       0
                text8                               E82      E82       12      30E       0
                text7                               E2A      E2A       18      30E       0
                text6                               DE8      DE8       24      30E       0
                text5                               DC2      DC2       26      30E       0
                text4                               E70      E70       12      30E       0
                text3                               A40      A40       78      30E       0
                text2                               C30      C30       42      30E       0
                text1                               D9C      D9C       26      30E       0
                text0                               61C      61C      386      30E       0
                cstackCOMRAM                         29       29       1B        1       1
                cstackBANK0                          60       60        B       60       1
                dataCOMRAM                           44       44        3        1       1
                bssCOMRAM                             1        1       28        1       1
                cinit                               CB4      CB4       38      30E       0
                idataCOMRAM                         EFE      EFE        3      30E       0

TOTAL           Name                               Link     Load   Length     Space
        CLASS   STACK          

        CLASS   CODE           
                end_init                             16       16        4         0
                intcode                               8        8        E         0
                reset_vec                             0        0        4         0
                intcode_body                        9A2      9A2       9E         0
                text30                              BDE      BDE       52         0
                text29                              C72      C72       42         0
                text28                              D74      D74       28         0
                text27                              E42      E42       18         0
                text26                              B28      B28       60         0
                text25                              EA6      EA6       12         0
                text24                              EF8      EF8        6         0
                text23                              EF0      EF0        8         0
                text22                              EE8      EE8        8         0
                text21                              EC4      EC4        C         0
                text20                              EE0      EE0        8         0
                text19                              ED8      ED8        8         0
                text18                              ED0      ED0        8         0
                text17                              EB8      EB8        C         0
                text16                              D22      D22       2A         0
                text15                              AB8      AB8       70         0
                text14                              D4C      D4C       28         0
                text13                              CEC      CEC       36         0
                text12                              E0C      E0C       1E         0
                text11                              B88      B88       56         0
                text10                              E5A      E5A       16         0
                text9                               E94      E94       12         0
                text8                               E82      E82       12         0
                text7                               E2A      E2A       18         0
                text6                               DE8      DE8       24         0
                text5                               DC2      DC2       26         0
                text4                               E70      E70       12         0
                text3                               A40      A40       78         0
                text2                               C30      C30       42         0
                text1                               D9C      D9C       26         0
                text0                               61C      61C      386         0
                cinit                               CB4      CB4       38         0
                idataCOMRAM                         EFE      EFE        3         0

        CLASS   CONST          

        CLASS   SMALLCONST     
                smallconst                          600      600       1C         0

        CLASS   MEDIUMCONST    

        CLASS   COMRAM         
                temp                                 47       47        1         1
                cstackCOMRAM                         29       29       1B         1
                dataCOMRAM                           44       44        3         1
                bssCOMRAM                             1        1       28         1

        CLASS   ABS1           

        CLASS   BIGRAM         

        CLASS   RAM            

        CLASS   BANK0          
                cstackBANK0                          60       60        B         1

        CLASS   BANK1          

        CLASS   BANK2          

        CLASS   BANK3          

        CLASS   BANK4          

        CLASS   BANK5          

        CLASS   SFR            

        CLASS   FARRAM         

        CLASS   CONFIG         
                config                           300000   300000        8         0

        CLASS   IDLOC          

        CLASS   EEDATA         



SEGMENTS        Name                           Load    Length   Top    Selector   Space  Class

                reset_vec                      000000  000004  000004         0       0  CODE    
                bssCOMRAM                      000001  000047  000048         1       1  COMRAM  
                intcode                        000008  000012  00001A         4       0  CODE    
                cstackBANK0                    000060  00000B  00006B        60       1  BANK0   
                smallconst                     000600  00001C  00061C       300       0  SMALLCON
                text0                          00061C  0008E5  000F01       30E       0  CODE    
                config                         300000  000008  300008    300000       0  CONFIG  


UNUSED ADDRESS RANGES

        Name                Unused          Largest block    Delta
        BANK0            00006B-0000FF               95
        BANK1            000100-0001FF              100
        BANK2            000200-0002FF              100
        BANK3            000300-0003FF              100
        BANK4            000400-0004FF              100
        BANK5            000500-0005FF              100
        BIGRAM           000048-00005F               18
                         00006B-0005FF              595
        CODE             000004-000007                4
                         00001A-0005FF              5E6
                         000F01-003000             2100
        COMRAM           000048-00005F               18
        CONFIG           300008-30000D                6
        CONST            000004-000007                4
                         00001A-0005FF              5E6
                         000F01-003000             2100
        EEDATA           F00000-F000FF              100
        IDLOC            200000-200007                8
        MEDIUMCONST      000F01-003000             2100
        RAM              00006B-0005FF              100
        SFR              000D00-000FFF              100
        SMALLCONST       000F01-003000              100
        STACK            00006B-0005FF              595

                                  Symbol Table

?___lwdiv                       cstackCOMRAM 00003D
?___lwmod                       cstackCOMRAM 000037
?_read_adc                      cstackCOMRAM 000037
_ACKDT                          (abs)        007E2D
_ACKEN                          (abs)        007E2C
_ACKSTAT                        (abs)        007E2E
_ACQT0                          (abs)        007E03
_ACQT1                          (abs)        007E04
_ACQT2                          (abs)        007E05
_ADCON1                         (abs)        000FC1
_ADCS0                          (abs)        007E00
_ADCS1                          (abs)        007E01
_ADCS2                          (abs)        007E02
_ADFM                           (abs)        007E07
_ADON                           (abs)        007E10
_ADRESH                         (abs)        000FC4
_ADRESL                         (abs)        000FC3
_BCLIF                          (abs)        007D0B
_CHS0                           (abs)        007E12
_CHS1                           (abs)        007E13
_CHS2                           (abs)        007E14
_CHS3                           (abs)        007E15
_CKE                            (abs)        007E3E
_EEADR                          (abs)        000FA9
_EECON1bits                     (abs)        000FA6
_EECON2                         (abs)        000FA7
_EEDATA                         (abs)        000FA8
_GIE                            (abs)        007F97
_GO                             (abs)        007E11
_GODONE                         (abs)        007E11
_PEIE                           (abs)        007F96
_PEN                            (abs)        007E2A
_PIR1bits                       (abs)        000F9E
_PIR2bits                       (abs)        000FA1
_PORTB                          (abs)        000F81
_PORTBbits                      (abs)        000F81
_PORTCbits                      (abs)        000F82
_PORTD                          (abs)        000F83
_PORTDbits                      (abs)        000F83
_PSA                            (abs)        007EAB
_RBPU                           (abs)        007F8F
_RCEN                           (abs)        007E2B
_RSEN                           (abs)        007E29
_SEN                            (abs)        007E28
_SMP                            (abs)        007E3F
_SSPADD                         (abs)        000FC8
_SSPBUF                         (abs)        000FC9
_SSPCON1                        (abs)        000FC6
_SSPCON2bits                    (abs)        000FC5
_SSPIF                          (abs)        007CF3
_SSPSTAT                        (abs)        000FC7
_T08BIT                         (abs)        007EAE
_T0CS                           (abs)        007EAD
_T0IF                           (abs)        007F92
_TMR0                           (abs)        000FD6
_TMR0IE                         (abs)        007F95
_TMR0IF                         (abs)        007F92
_TMR0ON                         (abs)        007EAF
_TRISB                          (abs)        000F93
_TRISC                          (abs)        000F94
_TRISC3                         (abs)        007CA3
_TRISC4                         (abs)        007CA4
_TRISD                          (abs)        000F95
_TRISD7                         (abs)        007CAF
_VCFG0                          (abs)        007E0C
_VCFG1                          (abs)        007E0D
__CFG_BOREN$OFF                 (abs)        000000
__CFG_LVP$OFF                   (abs)        000000
__CFG_OSC$XT                    (abs)        000000
__CFG_PBADEN$OFF                (abs)        000000
__CFG_WDT$OFF                   (abs)        000000
__HRAM                          (abs)        000000
__Habs1                         abs1         000000
__Hbank0                        bank0        000000
__Hbank1                        bank1        000000
__Hbank2                        bank2        000000
__Hbank3                        bank3        000000
__Hbank4                        bank4        000000
__Hbank5                        bank5        000000
__Hbigbss                       bigbss       000000
__Hbigdata                      bigdata      000000
__Hbigram                       bigram       000000
__Hbss                          bss          000000
__HbssCOMRAM                    bssCOMRAM    000000
__Hcinit                        cinit        000000
__Hclrtext                      clrtext      000000
__Hcomram                       comram       000000
__Hconfig                       config       300008
__Hconst                        const        000000
__HcstackBANK0                  cstackBANK0  000000
__HcstackCOMRAM                 cstackCOMRAM 000000
__Hdata                         data         000000
__HdataCOMRAM                   dataCOMRAM   000000
__Heeprom_data                  eeprom_data  000000
__Hend_init                     end_init     00001A
__Hfarbss                       farbss       000000
__Hfardata                      fardata      000000
__Hibigdata                     ibigdata     000000
__Hidata                        idata        000000
__HidataCOMRAM                  idataCOMRAM  000000
__Hidloc                        idloc        000000
__Hifardata                     ifardata     000000
__Hinit                         init         000016
__Hintcode                      intcode      000016
__Hintcode_body                 intcode_body 000000
__Hintcodelo                    intcodelo    000016
__Hintentry                     intentry     000000
__Hintret                       intret       000000
__Hintsave_regs                 intsave_regs 000000
__Hirdata                       irdata       000000
__Hmediumconst                  mediumconst  000000
__HnvFARRAM                     nvFARRAM     000000
__Hnvbit                        nvbit        000000
__Hnvrram                       nvrram       000000
__Hparam                        rparam       000000
__Hpowerup                      powerup      000016
__Hram                          ram          000000
__Hramtop                       ramtop       000600
__Hrbit                         rbit         000000
__Hrbss                         rbss         000000
__Hrdata                        rdata        000000
__Hreset_vec                    reset_vec    000004
__Hrparam                       rparam       000000
__Hsfr                          sfr          000000
__Hsmallconst                   smallconst   00061C
__Hspace_0                      (abs)        300008
__Hspace_1                      (abs)        00006B
__Hspace_2                      (abs)        000000
__Hstack                        stack        000000
__Hstruct                       struct       000000
__Htemp                         temp         000048
__Htext                         text         000000
__Htext0                        text0        000000
__Htext1                        text1        000000
__Htext10                       text10       000000
__Htext11                       text11       000000
__Htext12                       text12       000000
__Htext13                       text13       000000
__Htext14                       text14       000000
__Htext15                       text15       000000
__Htext16                       text16       000000
__Htext17                       text17       000000
__Htext18                       text18       000000
__Htext19                       text19       000000
__Htext2                        text2        000000
__Htext20                       text20       000000
__Htext21                       text21       000000
__Htext22                       text22       000000
__Htext23                       text23       000000
__Htext24                       text24       000000
__Htext25                       text25       000000
__Htext26                       text26       000000
__Htext27                       text27       000000
__Htext28                       text28       000000
__Htext29                       text29       000000
__Htext3                        text3        000000
__Htext30                       text30       000000
__Htext4                        text4        000000
__Htext5                        text5        000000
__Htext6                        text6        000000
__Htext7                        text7        000000
__Htext8                        text8        000000
__Htext9                        text9        000000
__LRAM                          (abs)        000001
__Labs1                         abs1         000000
__Lbank0                        bank0        000000
__Lbank1                        bank1        000000
__Lbank2                        bank2        000000
__Lbank3                        bank3        000000
__Lbank4                        bank4        000000
__Lbank5                        bank5        000000
__Lbigbss                       bigbss       000000
__Lbigdata                      bigdata      000000
__Lbigram                       bigram       000000
__Lbss                          bss          000000
__LbssCOMRAM                    bssCOMRAM    000000
__Lcinit                        cinit        000000
__Lclrtext                      clrtext      000000
__Lcomram                       comram       000000
__Lconfig                       config       300000
__Lconst                        const        000000
__LcstackBANK0                  cstackBANK0  000000
__LcstackCOMRAM                 cstackCOMRAM 000000
__Ldata                         data         000000
__LdataCOMRAM                   dataCOMRAM   000000
__Leeprom_data                  eeprom_data  000000
__Lend_init                     end_init     000016
__Lfarbss                       farbss       000000
__Lfardata                      fardata      000000
__Libigdata                     ibigdata     000000
__Lidata                        idata        000000
__LidataCOMRAM                  idataCOMRAM  000000
__Lidloc                        idloc        000000
__Lifardata                     ifardata     000000
__Linit                         init         000016
__Lintcode                      intcode      000008
__Lintcode_body                 intcode_body 000000
__Lintcodelo                    intcodelo    000016
__Lintentry                     intentry     000000
__Lintret                       intret       000000
__Lintsave_regs                 intsave_regs 000000
__Lirdata                       irdata       000000
__Lmediumconst                  mediumconst  000000
__LnvFARRAM                     nvFARRAM     000000
__Lnvbit                        nvbit        000000
__Lnvrram                       nvrram       000000
__Lparam                        rparam       000000
__Lpowerup                      powerup      000016
__Lram                          ram          000000
__Lramtop                       ramtop       000600
__Lrbit                         rbit         000000
__Lrbss                         rbss         000000
__Lrdata                        rdata        000000
__Lreset_vec                    reset_vec    000000
__Lrparam                       rparam       000000
__Lsfr                          sfr          000000
__Lsmallconst                   smallconst   000600
__Lspace_0                      (abs)        000000
__Lspace_1                      (abs)        000000
__Lspace_2                      (abs)        000000
__Lstack                        stack        000000
__Lstruct                       struct       000000
__Ltemp                         temp         000047
__Ltext                         text         000000
__Ltext0                        text0        000000
__Ltext1                        text1        000000
__Ltext10                       text10       000000
__Ltext11                       text11       000000
__Ltext12                       text12       000000
__Ltext13                       text13       000000
__Ltext14                       text14       000000
__Ltext15                       text15       000000
__Ltext16                       text16       000000
__Ltext17                       text17       000000
__Ltext18                       text18       000000
__Ltext19                       text19       000000
__Ltext2                        text2        000000
__Ltext20                       text20       000000
__Ltext21                       text21       000000
__Ltext22                       text22       000000
__Ltext23                       text23       000000
__Ltext24                       text24       000000
__Ltext25                       text25       000000
__Ltext26                       text26       000000
__Ltext27                       text27       000000
__Ltext28                       text28       000000
__Ltext29                       text29       000000
__Ltext3                        text3        000000
__Ltext30                       text30       000000
__Ltext4                        text4        000000
__Ltext5                        text5        000000
__Ltext6                        text6        000000
__Ltext7                        text7        000000
__Ltext8                        text8        000000
__Ltext9                        text9        000000
__S0                            (abs)        300008
__S1                            (abs)        00006B
__S2                            (abs)        000000
___inthi_sp                     stack        000000
___intlo_sp                     stack        000000
___lwdiv                        text30       000BDE
___lwdiv@counter                cstackCOMRAM 000041
___lwdiv@dividend               cstackCOMRAM 00003D
___lwdiv@divisor                cstackCOMRAM 00003F
___lwdiv@quotient               cstackCOMRAM 000042
___lwmod                        text29       000C72
___lwmod@counter                cstackCOMRAM 00003B
___lwmod@dividend               cstackCOMRAM 000037
___lwmod@divisor                cstackCOMRAM 000039
___param_bank                   (abs)        000010
___rparam_used                  (abs)        000001
___sp                           stack        000000
__accesstop                     (abs)        000060
__activetblptr                  (abs)        000002
__end_of___lwdiv                text30       000C30
__end_of___lwmod                text29       000CB4
__end_of__initialization        cinit        000CDE
__end_of_clcd_print             text26       000B88
__end_of_clcd_putch             text27       000E5A
__end_of_clcd_write             text28       000D9C
__end_of_display_time           text25       000EB8
__end_of_get_time               text15       000B28
__end_of_i2c_idle               text23       000EF8
__end_of_i2c_no_ack             text24       000EFE
__end_of_i2c_read               text21       000ED0
__end_of_i2c_rep_start          text20       000EE8
__end_of_i2c_rx_mode            text22       000EF0
__end_of_i2c_start              text19       000EE0
__end_of_i2c_stop               text18       000ED8
__end_of_i2c_write              text17       000EC4
__end_of_init_adc               text14       000D74
__end_of_init_clcd              text13       000D22
__end_of_init_config            text6        000E0C
__end_of_init_ds1307            text11       000BDE
__end_of_init_i2c               text10       000E70
__end_of_init_i2c_config        text9        000EA6
__end_of_init_matrix_keypad     text8        000E94
__end_of_init_timer0            text7        000E42
__end_of_isr                    intcode_body 000A40
__end_of_main                   text0        0009A2
__end_of_read_adc               text5        000DE8
__end_of_read_ds1307            text16       000D4C
__end_of_read_internal_eeprom   text4        000E82
__end_of_read_switches          text2        000C72
__end_of_scan_key               text3        000AB8
__end_of_write_ds1307           text12       000E2A
__end_of_write_internal_eeprom  text1        000DC2
__initialization                cinit        000CB4
__mediumconst                   mediumconst  000000
__pbssCOMRAM                    bssCOMRAM    000001
__pcinit                        cinit        000CB4
__pcstackBANK0                  cstackBANK0  000060
__pcstackCOMRAM                 cstackCOMRAM 000029
__pdataCOMRAM                   dataCOMRAM   000044
__pidataCOMRAM                  idataCOMRAM  000EFE
__pintcode                      intcode      000008
__pintcode_body                 intcode_body 0009A2
__psmallconst                   smallconst   000600
__ptext0                        text0        00061C
__ptext1                        text1        000D9C
__ptext10                       text10       000E5A
__ptext11                       text11       000B88
__ptext12                       text12       000E0C
__ptext13                       text13       000CEC
__ptext14                       text14       000D4C
__ptext15                       text15       000AB8
__ptext16                       text16       000D22
__ptext17                       text17       000EB8
__ptext18                       text18       000ED0
__ptext19                       text19       000ED8
__ptext2                        text2        000C30
__ptext20                       text20       000EE0
__ptext21                       text21       000EC4
__ptext22                       text22       000EE8
__ptext23                       text23       000EF0
__ptext24                       text24       000EF8
__ptext25                       text25       000EA6
__ptext26                       text26       000B28
__ptext27                       text27       000E42
__ptext28                       text28       000D74
__ptext29                       text29       000C72
__ptext3                        text3        000A40
__ptext30                       text30       000BDE
__ptext4                        text4        000E70
__ptext5                        text5        000DC2
__ptext6                        text6        000DE8
__ptext7                        text7        000E2A
__ptext8                        text8        000E82
__ptext9                        text9        000E94
__ramtop                        ramtop       000600
__size_of___lwdiv               (abs)        000000
__size_of___lwmod               (abs)        000000
__size_of_clcd_print            (abs)        000000
__size_of_clcd_putch            (abs)        000000
__size_of_clcd_write            (abs)        000000
__size_of_display_time          (abs)        000000
__size_of_get_time              (abs)        000000
__size_of_i2c_idle              (abs)        000000
__size_of_i2c_no_ack            (abs)        000000
__size_of_i2c_read              (abs)        000000
__size_of_i2c_rep_start         (abs)        000000
__size_of_i2c_rx_mode           (abs)        000000
__size_of_i2c_start             (abs)        000000
__size_of_i2c_stop              (abs)        000000
__size_of_i2c_write             (abs)        000000
__size_of_init_adc              (abs)        000000
__size_of_init_clcd             (abs)        000000
__size_of_init_config           (abs)        000000
__size_of_init_ds1307           (abs)        000000
__size_of_init_i2c              (abs)        000000
__size_of_init_i2c_config       (abs)        000000
__size_of_init_matrix_keypad    (abs)        000000
__size_of_init_timer0           (abs)        000000
__size_of_isr                   (abs)        000000
__size_of_main                  (abs)        000000
__size_of_read_adc              (abs)        000000
__size_of_read_ds1307           (abs)        000000
__size_of_read_internal_eeprom  (abs)        000000
__size_of_read_switches         (abs)        000000
__size_of_scan_key              (abs)        000000
__size_of_write_ds1307          (abs)        000000
__size_of_write_internal_eeprom (abs)        000000
__smallconst                    smallconst   000600
_calender_reg                   bssCOMRAM    000001
_clcd_print                     text26       000B28
_clcd_putch                     text27       000E42
_clcd_write                     text28       000D74
_clock_reg                      bssCOMRAM    000005
_date                           bssCOMRAM    000015
_display_time                   text25       000EA6
_flag                           bssCOMRAM    000008
_get_time                       text15       000AB8
_i2c_idle                       text23       000EF0
_i2c_no_ack                     text24       000EF8
_i2c_read                       text21       000EC4
_i2c_rep_start                  text20       000EE0
_i2c_rx_mode                    text22       000EE8
_i2c_start                      text19       000ED8
_i2c_stop                       text18       000ED0
_i2c_write                      text17       000EB8
_init_adc                       text14       000D4C
_init_clcd                      text13       000CEC
_init_config                    text6        000DE8
_init_ds1307                    text11       000B88
_init_i2c                       text10       000E5A
_init_i2c_config                text9        000E94
_init_matrix_keypad             text8        000E82
_init_timer0                    text7        000E2A
_isr                            intcode      000008
_main                           text0        00061C
_read_adc                       text5        000DC2
_read_ds1307                    text16       000D22
_read_internal_eeprom           text4        000E70
_read_switches                  text2        000C30
_scan_key                       text3        000A40
_time                           bssCOMRAM    000020
_write_ds1307                   text12       000E0C
_write_internal_eeprom          text1        000D9C
btemp                           temp         000047
clcd_print@addr                 cstackCOMRAM 00003B
clcd_print@data                 cstackCOMRAM 000039
clcd_putch@addr                 cstackCOMRAM 000039
clcd_putch@data                 cstackCOMRAM 00003A
clcd_write@byte                 cstackCOMRAM 000038
clcd_write@control_bit          cstackCOMRAM 000037
end_of_initialization           cinit        000CDE
i2c_write@data                  cstackCOMRAM 000037
init_ds1307@dummy               cstackCOMRAM 00003A
int$flags                       temp         000047
int_func                        intcode_body 0009A2
intlevel0                       text         000000
intlevel1                       text         000000
intlevel2                       text         000000
intlevel3                       text         000000
isr@count                       bssCOMRAM    00000A
main@adc_reg_val                cstackBANK0  000062
main@buff                       cstackBANK0  000064
main@i                          cstackBANK0  000060
main@key                        cstackBANK0  000069
main@key1                       cstackBANK0  00006A
main@toggle                     bssCOMRAM    000014
main@z                          dataCOMRAM   000044
read_adc@reg_val                cstackCOMRAM 00003B
read_ds1307@address             cstackCOMRAM 000038
read_ds1307@data                cstackCOMRAM 000039
read_internal_eeprom@address    cstackCOMRAM 000037
read_switches@detection_type    cstackCOMRAM 000038
read_switches@key               cstackCOMRAM 000039
read_switches@key1              cstackCOMRAM 000037
read_switches@once              dataCOMRAM   000046
stackhi                         (abs)        0005FF
stacklo                         (abs)        00006B
start                           init         000016
start_initialization            cinit        000CB4
write_ds1307@address            cstackCOMRAM 000039
write_ds1307@data               cstackCOMRAM 000038
write_internal_eeprom@address   cstackCOMRAM 000038
write_internal_eeprom@data      cstackCOMRAM 000037


FUNCTION INFORMATION:

 *************** function _main *****************
 Defined at:
		line 105 in file "main.c"
 Parameters:    Size  Location     Type
		None
 Auto vars:     Size  Location     Type
  buff            5    4[BANK0 ] unsigned char [5]
  i               2    0[BANK0 ] int 
  e               3    0        unsigned char [3]
  adc_reg_val     2    2[BANK0 ] unsigned short 
  key1            1   10[BANK0 ] unsigned char 
  key             1    9[BANK0 ] unsigned char 
 Return value:  Size  Location     Type
                  1    wreg      void 
 Registers used:
		wreg, fsr0l, fsr0h, fsr2l, fsr2h, status,2, status,0, tblptrl, tblptrh, tblptru, cstack
 Tracked objects:
		On entry : 
		On exit  : 
		Unchanged: 
 Data sizes:     COMRAM   BANK0   BANK1   BANK2   BANK3   BANK4   BANK5
      Params:         0       0       0       0       0       0       0
      Locals:         0      11       0       0       0       0       0
      Temps:          0       0       0       0       0       0       0
      Totals:         0      11       0       0       0       0       0
Total ram usage:       11 bytes
 Hardware stack levels required when called:    7
 This function calls:
		___lwdiv
		___lwmod
		_clcd_print
		_clcd_putch
		_clcd_write
		_display_time
		_get_time
		_init_config
		_read_adc
		_read_internal_eeprom
		_read_switches
		_write_internal_eeprom
 This function is called by:
		Startup code after reset
 This function uses a non-reentrant model


 *************** function _write_internal_eeprom *****************
 Defined at:
		line 3 in file "eeprom.c"
 Parameters:    Size  Location     Type
  address         1    wreg     unsigned char 
  data            1   14[COMRAM] unsigned char 
 Auto vars:     Size  Location     Type
  address         1   15[COMRAM] unsigned char 
 Return value:  Size  Location     Type
                  1    wreg      void 
 Registers used:
		wreg, status,2
 Tracked objects:
		On entry : 
		On exit  : 
		Unchanged: 
 Data sizes:     COMRAM   BANK0   BANK1   BANK2   BANK3   BANK4   BANK5
      Params:         1       0       0       0       0       0       0
      Locals:         1       0       0       0       0       0       0
      Temps:          0       0       0       0       0       0       0
      Totals:         2       0       0       0       0       0       0
Total ram usage:        2 bytes
 Hardware stack levels used:    1
 Hardware stack levels required when called:    1
 This function calls:
		Nothing
 This function is called by:
		_main
 This function uses a non-reentrant model


 *************** function _read_switches *****************
 Defined at:
		line 88 in file "matrix_keypad.c"
 Parameters:    Size  Location     Type
  detection_ty    1    wreg     unsigned char 
 Auto vars:     Size  Location     Type
  detection_ty    1   15[COMRAM] unsigned char 
  key             1   16[COMRAM] unsigned char 
  key1            1   14[COMRAM] unsigned char 
 Return value:  Size  Location     Type
                  1    wreg      unsigned char 
 Registers used:
		wreg, status,2, status,0, cstack
 Tracked objects:
		On entry : 
		On exit  : 
		Unchanged: 
 Data sizes:     COMRAM   BANK0   BANK1   BANK2   BANK3   BANK4   BANK5
      Params:         0       0       0       0       0       0       0
      Locals:         3       0       0       0       0       0       0
      Temps:          0       0       0       0       0       0       0
      Totals:         3       0       0       0       0       0       0
Total ram usage:        3 bytes
 Hardware stack levels used:    1
 Hardware stack levels required when called:    2
 This function calls:
		_scan_key
 This function is called by:
		_main
 This function uses a non-reentrant model


 *************** function _scan_key *****************
 Defined at:
		line 18 in file "matrix_keypad.c"
 Parameters:    Size  Location     Type
		None
 Auto vars:     Size  Location     Type
		None
 Return value:  Size  Location     Type
                  1    wreg      unsigned char 
 Registers used:
		wreg
 Tracked objects:
		On entry : 
		On exit  : 
		Unchanged: 
 Data sizes:     COMRAM   BANK0   BANK1   BANK2   BANK3   BANK4   BANK5
      Params:         0       0       0       0       0       0       0
      Locals:         0       0       0       0       0       0       0
      Temps:          0       0       0       0       0       0       0
      Totals:         0       0       0       0       0       0       0
Total ram usage:        0 bytes
 Hardware stack levels used:    1
 Hardware stack levels required when called:    1
 This function calls:
		Nothing
 This function is called by:
		_read_switches
 This function uses a non-reentrant model


 *************** function _read_internal_eeprom *****************
 Defined at:
		line 40 in file "eeprom.c"
 Parameters:    Size  Location     Type
  address         1    wreg     unsigned char 
 Auto vars:     Size  Location     Type
  address         1   14[COMRAM] unsigned char 
 Return value:  Size  Location     Type
                  1    wreg      unsigned char 
 Registers used:
		wreg, status,2
 Tracked objects:
		On entry : 
		On exit  : 
		Unchanged: 
 Data sizes:     COMRAM   BANK0   BANK1   BANK2   BANK3   BANK4   BANK5
      Params:         0       0       0       0       0       0       0
      Locals:         1       0       0       0       0       0       0
      Temps:          0       0       0       0       0       0       0
      Totals:         1       0       0       0       0       0       0
Total ram usage:        1 bytes
 Hardware stack levels used:    1
 Hardware stack levels required when called:    1
 This function calls:
		Nothing
 This function is called by:
		_main
 This function uses a non-reentrant model


 *************** function _read_adc *****************
 Defined at:
		line 47 in file "adc.c"
 Parameters:    Size  Location     Type
  channel         1    wreg     unsigned char 
 Auto vars:     Size  Location     Type
  channel         1    0[COMRAM] unsigned char 
  reg_val         2   18[COMRAM] unsigned short 
 Return value:  Size  Location     Type
                  2   14[COMRAM] unsigned short 
 Registers used:
		wreg, status,2, status,0
 Tracked objects:
		On entry : 
		On exit  : 
		Unchanged: 
 Data sizes:     COMRAM   BANK0   BANK1   BANK2   BANK3   BANK4   BANK5
      Params:         2       0       0       0       0       0       0
      Locals:         2       0       0       0       0       0       0
      Temps:          2       0       0       0       0       0       0
      Totals:         6       0       0       0       0       0       0
Total ram usage:        6 bytes
 Hardware stack levels used:    1
 Hardware stack levels required when called:    1
 This function calls:
		Nothing
 This function is called by:
		_main
 This function uses a non-reentrant model


 *************** function _init_config *****************
 Defined at:
		line 85 in file "main.c"
 Parameters:    Size  Location     Type
		None
 Auto vars:     Size  Location     Type
		None
 Return value:  Size  Location     Type
                  1    wreg      void 
 Registers used:
		wreg, status,2, status,0, cstack
 Tracked objects:
		On entry : 
		On exit  : 
		Unchanged: 
 Data sizes:     COMRAM   BANK0   BANK1   BANK2   BANK3   BANK4   BANK5
      Params:         0       0       0       0       0       0       0
      Locals:         0       0       0       0       0       0       0
      Temps:          0       0       0       0       0       0       0
      Totals:         0       0       0       0       0       0       0
Total ram usage:        0 bytes
 Hardware stack levels used:    1
 Hardware stack levels required when called:    6
 This function calls:
		_init_adc
		_init_clcd
		_init_ds1307
		_init_i2c
		_init_i2c_config
		_init_matrix_keypad
		_init_timer0
 This function is called by:
		_main
 This function uses a non-reentrant model


 *************** function _init_timer0 *****************
 Defined at:
		line 5 in file "timer0.c"
 Parameters:    Size  Location     Type
		None
 Auto vars:     Size  Location     Type
		None
 Return value:  Size  Location     Type
                  1    wreg      void 
 Registers used:
		wreg, status,2
 Tracked objects:
		On entry : 
		On exit  : 
		Unchanged: 
 Data sizes:     COMRAM   BANK0   BANK1   BANK2   BANK3   BANK4   BANK5
      Params:         0       0       0       0       0       0       0
      Locals:         0       0       0       0       0       0       0
      Temps:          0       0       0       0       0       0       0
      Totals:         0       0       0       0       0       0       0
Total ram usage:        0 bytes
 Hardware stack levels used:    1
 Hardware stack levels required when called:    1
 This function calls:
		Nothing
 This function is called by:
		_init_config
 This function uses a non-reentrant model


 *************** function _init_matrix_keypad *****************
 Defined at:
		line 4 in file "matrix_keypad.c"
 Parameters:    Size  Location     Type
		None
 Auto vars:     Size  Location     Type
		None
 Return value:  Size  Location     Type
                  1    wreg      void 
 Registers used:
		wreg, status,2, status,0
 Tracked objects:
		On entry : 
		On exit  : 
		Unchanged: 
 Data sizes:     COMRAM   BANK0   BANK1   BANK2   BANK3   BANK4   BANK5
      Params:         0       0       0       0       0       0       0
      Locals:         0       0       0       0       0       0       0
      Temps:          0       0       0       0       0       0       0
      Totals:         0       0       0       0       0       0       0
Total ram usage:        0 bytes
 Hardware stack levels used:    1
 Hardware stack levels required when called:    1
 This function calls:
		Nothing
 This function is called by:
		_init_config
 This function uses a non-reentrant model


 *************** function _init_i2c_config *****************
 Defined at:
		line 3 in file "init_i2c_config.c"
 Parameters:    Size  Location     Type
		None
 Auto vars:     Size  Location     Type
		None
 Return value:  Size  Location     Type
                  1    wreg      void 
 Registers used:
		wreg, status,2
 Tracked objects:
		On entry : 
		On exit  : 
		Unchanged: 
 Data sizes:     COMRAM   BANK0   BANK1   BANK2   BANK3   BANK4   BANK5
      Params:         0       0       0       0       0       0       0
      Locals:         0       0       0       0       0       0       0
      Temps:          0       0       0       0       0       0       0
      Totals:         0       0       0       0       0       0       0
Total ram usage:        0 bytes
 Hardware stack levels used:    1
 Hardware stack levels required when called:    1
 This function calls:
		Nothing
 This function is called by:
		_init_config
 This function uses a non-reentrant model


 *************** function _init_i2c *****************
 Defined at:
		line 4 in file "i2c.c"
 Parameters:    Size  Location     Type
		None
 Auto vars:     Size  Location     Type
		None
 Return value:  Size  Location     Type
                  1    wreg      void 
 Registers used:
		wreg, status,2
 Tracked objects:
		On entry : 
		On exit  : 
		Unchanged: 
 Data sizes:     COMRAM   BANK0   BANK1   BANK2   BANK3   BANK4   BANK5
      Params:         0       0       0       0       0       0       0
      Locals:         0       0       0       0       0       0       0
      Temps:          0       0       0       0       0       0       0
      Totals:         0       0       0       0       0       0       0
Total ram usage:        0 bytes
 Hardware stack levels used:    1
 Hardware stack levels required when called:    1
 This function calls:
		Nothing
 This function is called by:
		_init_config
 This function uses a non-reentrant model


 *************** function _init_ds1307 *****************
 Defined at:
		line 11 in file "ds1307.c"
 Parameters:    Size  Location     Type
		None
 Auto vars:     Size  Location     Type
  dummy           1   17[COMRAM] unsigned char 
 Return value:  Size  Location     Type
                  1    wreg      void 
 Registers used:
		wreg, status,2, status,0, cstack
 Tracked objects:
		On entry : 
		On exit  : 
		Unchanged: 
 Data sizes:     COMRAM   BANK0   BANK1   BANK2   BANK3   BANK4   BANK5
      Params:         0       0       0       0       0       0       0
      Locals:         1       0       0       0       0       0       0
      Temps:          0       0       0       0       0       0       0
      Totals:         1       0       0       0       0       0       0
Total ram usage:        1 bytes
 Hardware stack levels used:    1
 Hardware stack levels required when called:    5
 This function calls:
		_read_ds1307
		_write_ds1307
 This function is called by:
		_init_config
 This function uses a non-reentrant model


 *************** function _write_ds1307 *****************
 Defined at:
		line 48 in file "ds1307.c"
 Parameters:    Size  Location     Type
  address         1    wreg     unsigned char 
  data            1   15[COMRAM] unsigned char 
 Auto vars:     Size  Location     Type
  address         1   16[COMRAM] unsigned char 
 Return value:  Size  Location     Type
                  1    wreg      void 
 Registers used:
		wreg, status,2, cstack
 Tracked objects:
		On entry : 
		On exit  : 
		Unchanged: 
 Data sizes:     COMRAM   BANK0   BANK1   BANK2   BANK3   BANK4   BANK5
      Params:         1       0       0       0       0       0       0
      Locals:         1       0       0       0       0       0       0
      Temps:          0       0       0       0       0       0       0
      Totals:         2       0       0       0       0       0       0
Total ram usage:        2 bytes
 Hardware stack levels used:    1
 Hardware stack levels required when called:    3
 This function calls:
		_i2c_start
		_i2c_stop
		_i2c_write
 This function is called by:
		_init_ds1307
 This function uses a non-reentrant model


 *************** function _init_clcd *****************
 Defined at:
		line 27 in file "clcd.c"
 Parameters:    Size  Location     Type
		None
 Auto vars:     Size  Location     Type
		None
 Return value:  Size  Location     Type
                  1    wreg      void 
 Registers used:
		wreg, status,2, status,0, cstack
 Tracked objects:
		On entry : 
		On exit  : 
		Unchanged: 
 Data sizes:     COMRAM   BANK0   BANK1   BANK2   BANK3   BANK4   BANK5
      Params:         0       0       0       0       0       0       0
      Locals:         0       0       0       0       0       0       0
      Temps:          0       0       0       0       0       0       0
      Totals:         0       0       0       0       0       0       0
Total ram usage:        0 bytes
 Hardware stack levels used:    1
 Hardware stack levels required when called:    2
 This function calls:
		_clcd_write
 This function is called by:
		_init_config
 This function uses a non-reentrant model


 *************** function _init_adc *****************
 Defined at:
		line 4 in file "adc.c"
 Parameters:    Size  Location     Type
		None
 Auto vars:     Size  Location     Type
		None
 Return value:  Size  Location     Type
                  1    wreg      void 
 Registers used:
		wreg, status,2
 Tracked objects:
		On entry : 
		On exit  : 
		Unchanged: 
 Data sizes:     COMRAM   BANK0   BANK1   BANK2   BANK3   BANK4   BANK5
      Params:         0       0       0       0       0       0       0
      Locals:         0       0       0       0       0       0       0
      Temps:          0       0       0       0       0       0       0
      Totals:         0       0       0       0       0       0       0
Total ram usage:        0 bytes
 Hardware stack levels used:    1
 Hardware stack levels required when called:    1
 This function calls:
		Nothing
 This function is called by:
		_init_config
 This function uses a non-reentrant model


 *************** function _get_time *****************
 Defined at:
		line 37 in file "main.c"
 Parameters:    Size  Location     Type
		None
 Auto vars:     Size  Location     Type
		None
 Return value:  Size  Location     Type
                  1    wreg      void 
 Registers used:
		wreg, status,2, status,0, cstack
 Tracked objects:
		On entry : 
		On exit  : 
		Unchanged: 
 Data sizes:     COMRAM   BANK0   BANK1   BANK2   BANK3   BANK4   BANK5
      Params:         0       0       0       0       0       0       0
      Locals:         0       0       0       0       0       0       0
      Temps:          0       0       0       0       0       0       0
      Totals:         0       0       0       0       0       0       0
Total ram usage:        0 bytes
 Hardware stack levels used:    1
 Hardware stack levels required when called:    5
 This function calls:
		_read_ds1307
 This function is called by:
		_main
 This function uses a non-reentrant model


 *************** function _read_ds1307 *****************
 Defined at:
		line 57 in file "ds1307.c"
 Parameters:    Size  Location     Type
  address         1    wreg     unsigned char 
 Auto vars:     Size  Location     Type
  address         1   15[COMRAM] unsigned char 
  data            1   16[COMRAM] unsigned char 
 Return value:  Size  Location     Type
                  1    wreg      unsigned char 
 Registers used:
		wreg, status,2, cstack
 Tracked objects:
		On entry : 
		On exit  : 
		Unchanged: 
 Data sizes:     COMRAM   BANK0   BANK1   BANK2   BANK3   BANK4   BANK5
      Params:         0       0       0       0       0       0       0
      Locals:         2       0       0       0       0       0       0
      Temps:          0       0       0       0       0       0       0
      Totals:         2       0       0       0       0       0       0
Total ram usage:        2 bytes
 Hardware stack levels used:    1
 Hardware stack levels required when called:    4
 This function calls:
		_i2c_read
		_i2c_rep_start
		_i2c_start
		_i2c_stop
		_i2c_write
 This function is called by:
		_get_time
		_init_ds1307
		_get_date
 This function uses a non-reentrant model


 *************** function _i2c_write *****************
 Defined at:
		line 56 in file "i2c.c"
 Parameters:    Size  Location     Type
  data            1    wreg     unsigned char 
 Auto vars:     Size  Location     Type
  data            1   14[COMRAM] unsigned char 
 Return value:  Size  Location     Type
                  1    wreg      void 
 Registers used:
		wreg, cstack
 Tracked objects:
		On entry : 
		On exit  : 
		Unchanged: 
 Data sizes:     COMRAM   BANK0   BANK1   BANK2   BANK3   BANK4   BANK5
      Params:         0       0       0       0       0       0       0
      Locals:         1       0       0       0       0       0       0
      Temps:          0       0       0       0       0       0       0
      Totals:         1       0       0       0       0       0       0
Total ram usage:        1 bytes
 Hardware stack levels used:    1
 Hardware stack levels required when called:    2
 This function calls:
		_i2c_idle
 This function is called by:
		_write_ds1307
		_read_ds1307
 This function uses a non-reentrant model


 *************** function _i2c_stop *****************
 Defined at:
		line 44 in file "i2c.c"
 Parameters:    Size  Location     Type
		None
 Auto vars:     Size  Location     Type
		None
 Return value:  Size  Location     Type
                  1    wreg      void 
 Registers used:
		cstack
 Tracked objects:
		On entry : 
		On exit  : 
		Unchanged: 
 Data sizes:     COMRAM   BANK0   BANK1   BANK2   BANK3   BANK4   BANK5
      Params:         0       0       0       0       0       0       0
      Locals:         0       0       0       0       0       0       0
      Temps:          0       0       0       0       0       0       0
      Totals:         0       0       0       0       0       0       0
Total ram usage:        0 bytes
 Hardware stack levels used:    1
 Hardware stack levels required when called:    2
 This function calls:
		_i2c_idle
 This function is called by:
		_write_ds1307
		_read_ds1307
 This function uses a non-reentrant model


 *************** function _i2c_start *****************
 Defined at:
		line 38 in file "i2c.c"
 Parameters:    Size  Location     Type
		None
 Auto vars:     Size  Location     Type
		None
 Return value:  Size  Location     Type
                  1    wreg      void 
 Registers used:
		cstack
 Tracked objects:
		On entry : 
		On exit  : 
		Unchanged: 
 Data sizes:     COMRAM   BANK0   BANK1   BANK2   BANK3   BANK4   BANK5
      Params:         0       0       0       0       0       0       0
      Locals:         0       0       0       0       0       0       0
      Temps:          0       0       0       0       0       0       0
      Totals:         0       0       0       0       0       0       0
Total ram usage:        0 bytes
 Hardware stack levels used:    1
 Hardware stack levels required when called:    2
 This function calls:
		_i2c_idle
 This function is called by:
		_write_ds1307
		_read_ds1307
 This function uses a non-reentrant model


 *************** function _i2c_rep_start *****************
 Defined at:
		line 50 in file "i2c.c"
 Parameters:    Size  Location     Type
		None
 Auto vars:     Size  Location     Type
		None
 Return value:  Size  Location     Type
                  1    wreg      void 
 Registers used:
		cstack
 Tracked objects:
		On entry : 
		On exit  : 
		Unchanged: 
 Data sizes:     COMRAM   BANK0   BANK1   BANK2   BANK3   BANK4   BANK5
      Params:         0       0       0       0       0       0       0
      Locals:         0       0       0       0       0       0       0
      Temps:          0       0       0       0       0       0       0
      Totals:         0       0       0       0       0       0       0
Total ram usage:        0 bytes
 Hardware stack levels used:    1
 Hardware stack levels required when called:    2
 This function calls:
		_i2c_idle
 This function is called by:
		_read_ds1307
 This function uses a non-reentrant model


 *************** function _i2c_read *****************
 Defined at:
		line 74 in file "i2c.c"
 Parameters:    Size  Location     Type
		None
 Auto vars:     Size  Location     Type
		None
 Return value:  Size  Location     Type
                  1    wreg      unsigned char 
 Registers used:
		wreg, status,2, cstack
 Tracked objects:
		On entry : 
		On exit  : 
		Unchanged: 
 Data sizes:     COMRAM   BANK0   BANK1   BANK2   BANK3   BANK4   BANK5
      Params:         0       0       0       0       0       0       0
      Locals:         0       0       0       0       0       0       0
      Temps:          0       0       0       0       0       0       0
      Totals:         0       0       0       0       0       0       0
Total ram usage:        0 bytes
 Hardware stack levels used:    1
 Hardware stack levels required when called:    3
 This function calls:
		_i2c_no_ack
		_i2c_rx_mode
 This function is called by:
		_read_ds1307
 This function uses a non-reentrant model


 *************** function _i2c_rx_mode *****************
 Defined at:
		line 62 in file "i2c.c"
 Parameters:    Size  Location     Type
		None
 Auto vars:     Size  Location     Type
		None
 Return value:  Size  Location     Type
                  1    wreg      void 
 Registers used:
		cstack
 Tracked objects:
		On entry : 
		On exit  : 
		Unchanged: 
 Data sizes:     COMRAM   BANK0   BANK1   BANK2   BANK3   BANK4   BANK5
      Params:         0       0       0       0       0       0       0
      Locals:         0       0       0       0       0       0       0
      Temps:          0       0       0       0       0       0       0
      Totals:         0       0       0       0       0       0       0
Total ram usage:        0 bytes
 Hardware stack levels used:    1
 Hardware stack levels required when called:    2
 This function calls:
		_i2c_idle
 This function is called by:
		_i2c_read
 This function uses a non-reentrant model


 *************** function _i2c_idle *****************
 Defined at:
		line 24 in file "i2c.c"
 Parameters:    Size  Location     Type
		None
 Auto vars:     Size  Location     Type
		None
 Return value:  Size  Location     Type
                  1    wreg      void 
 Registers used:
		None
 Tracked objects:
		On entry : 
		On exit  : 
		Unchanged: 
 Data sizes:     COMRAM   BANK0   BANK1   BANK2   BANK3   BANK4   BANK5
      Params:         0       0       0       0       0       0       0
      Locals:         0       0       0       0       0       0       0
      Temps:          0       0       0       0       0       0       0
      Totals:         0       0       0       0       0       0       0
Total ram usage:        0 bytes
 Hardware stack levels used:    1
 Hardware stack levels required when called:    1
 This function calls:
		Nothing
 This function is called by:
		_i2c_start
		_i2c_stop
		_i2c_rep_start
		_i2c_write
		_i2c_rx_mode
 This function uses a non-reentrant model


 *************** function _i2c_no_ack *****************
 Defined at:
		line 68 in file "i2c.c"
 Parameters:    Size  Location     Type
		None
 Auto vars:     Size  Location     Type
		None
 Return value:  Size  Location     Type
                  1    wreg      void 
 Registers used:
		None
 Tracked objects:
		On entry : 
		On exit  : 
		Unchanged: 
 Data sizes:     COMRAM   BANK0   BANK1   BANK2   BANK3   BANK4   BANK5
      Params:         0       0       0       0       0       0       0
      Locals:         0       0       0       0       0       0       0
      Temps:          0       0       0       0       0       0       0
      Totals:         0       0       0       0       0       0       0
Total ram usage:        0 bytes
 Hardware stack levels used:    1
 Hardware stack levels required when called:    1
 This function calls:
		Nothing
 This function is called by:
		_i2c_read
 This function uses a non-reentrant model


 *************** function _display_time *****************
 Defined at:
		line 20 in file "main.c"
 Parameters:    Size  Location     Type
		None
 Auto vars:     Size  Location     Type
		None
 Return value:  Size  Location     Type
                  1    wreg      void 
 Registers used:
		wreg, fsr0l, fsr0h, status,2, status,0, tblptrl, tblptrh, tblptru, cstack
 Tracked objects:
		On entry : 
		On exit  : 
		Unchanged: 
 Data sizes:     COMRAM   BANK0   BANK1   BANK2   BANK3   BANK4   BANK5
      Params:         0       0       0       0       0       0       0
      Locals:         0       0       0       0       0       0       0
      Temps:          0       0       0       0       0       0       0
      Totals:         0       0       0       0       0       0       0
Total ram usage:        0 bytes
 Hardware stack levels used:    1
 Hardware stack levels required when called:    3
 This function calls:
		_clcd_print
 This function is called by:
		_main
 This function uses a non-reentrant model


 *************** function _clcd_print *****************
 Defined at:
		line 42 in file "clcd.c"
 Parameters:    Size  Location     Type
  data            2   16[COMRAM] PTR const unsigned char 
		 -> STR_3(4), STR_2(4), main@buff(5), STR_1(17), 
		 -> time(9), date(11), 
  addr            1   18[COMRAM] unsigned char 
 Auto vars:     Size  Location     Type
		None
 Return value:  Size  Location     Type
                  1    wreg      void 
 Registers used:
		wreg, fsr0l, fsr0h, status,2, status,0, tblptrl, tblptrh, tblptru, cstack
 Tracked objects:
		On entry : 
		On exit  : 
		Unchanged: 
 Data sizes:     COMRAM   BANK0   BANK1   BANK2   BANK3   BANK4   BANK5
      Params:         3       0       0       0       0       0       0
      Locals:         0       0       0       0       0       0       0
      Temps:          0       0       0       0       0       0       0
      Totals:         3       0       0       0       0       0       0
Total ram usage:        3 bytes
 Hardware stack levels used:    1
 Hardware stack levels required when called:    2
 This function calls:
		_clcd_write
 This function is called by:
		_display_time
		_main
		_display_date
 This function uses a non-reentrant model


 *************** function _clcd_putch *****************
 Defined at:
		line 51 in file "clcd.c"
 Parameters:    Size  Location     Type
  data            1    wreg     const unsigned char 
  addr            1   16[COMRAM] unsigned char 
 Auto vars:     Size  Location     Type
  data            1   17[COMRAM] const unsigned char 
 Return value:  Size  Location     Type
                  1    wreg      void 
 Registers used:
		wreg, status,2, cstack
 Tracked objects:
		On entry : 
		On exit  : 
		Unchanged: 
 Data sizes:     COMRAM   BANK0   BANK1   BANK2   BANK3   BANK4   BANK5
      Params:         1       0       0       0       0       0       0
      Locals:         1       0       0       0       0       0       0
      Temps:          0       0       0       0       0       0       0
      Totals:         2       0       0       0       0       0       0
Total ram usage:        2 bytes
 Hardware stack levels used:    1
 Hardware stack levels required when called:    2
 This function calls:
		_clcd_write
 This function is called by:
		_main
 This function uses a non-reentrant model


 *************** function _clcd_write *****************
 Defined at:
		line 4 in file "clcd.c"
 Parameters:    Size  Location     Type
  byte            1    wreg     unsigned char 
  control_bit     1   14[COMRAM] unsigned char 
 Auto vars:     Size  Location     Type
  byte            1   15[COMRAM] unsigned char 
 Return value:  Size  Location     Type
                  1    wreg      void 
 Registers used:
		wreg
 Tracked objects:
		On entry : 
		On exit  : 
		Unchanged: 
 Data sizes:     COMRAM   BANK0   BANK1   BANK2   BANK3   BANK4   BANK5
      Params:         1       0       0       0       0       0       0
      Locals:         1       0       0       0       0       0       0
      Temps:          0       0       0       0       0       0       0
      Totals:         2       0       0       0       0       0       0
Total ram usage:        2 bytes
 Hardware stack levels used:    1
 Hardware stack levels required when called:    1
 This function calls:
		Nothing
 This function is called by:
		_init_clcd
		_clcd_print
		_clcd_putch
		_main
 This function uses a non-reentrant model


 *************** function ___lwmod *****************
 Defined at:
		line 8 in file "/opt/microchip/xc8/v1.36/sources/common/lwmod.c"
 Parameters:    Size  Location     Type
  dividend        2   14[COMRAM] unsigned int 
  divisor         2   16[COMRAM] unsigned int 
 Auto vars:     Size  Location     Type
  counter         1   18[COMRAM] unsigned char 
 Return value:  Size  Location     Type
                  2   14[COMRAM] unsigned int 
 Registers used:
		wreg, status,2, status,0
 Tracked objects:
		On entry : 
		On exit  : 
		Unchanged: 
 Data sizes:     COMRAM   BANK0   BANK1   BANK2   BANK3   BANK4   BANK5
      Params:         4       0       0       0       0       0       0
      Locals:         1       0       0       0       0       0       0
      Temps:          0       0       0       0       0       0       0
      Totals:         5       0       0       0       0       0       0
Total ram usage:        5 bytes
 Hardware stack levels used:    1
 Hardware stack levels required when called:    1
 This function calls:
		Nothing
 This function is called by:
		_main
 This function uses a non-reentrant model


 *************** function ___lwdiv *****************
 Defined at:
		line 8 in file "/opt/microchip/xc8/v1.36/sources/common/lwdiv.c"
 Parameters:    Size  Location     Type
  dividend        2   20[COMRAM] unsigned int 
  divisor         2   22[COMRAM] unsigned int 
 Auto vars:     Size  Location     Type
  quotient        2   25[COMRAM] unsigned int 
  counter         1   24[COMRAM] unsigned char 
 Return value:  Size  Location     Type
                  2   20[COMRAM] unsigned int 
 Registers used:
		wreg, status,2, status,0
 Tracked objects:
		On entry : 
		On exit  : 
		Unchanged: 
 Data sizes:     COMRAM   BANK0   BANK1   BANK2   BANK3   BANK4   BANK5
      Params:         4       0       0       0       0       0       0
      Locals:         3       0       0       0       0       0       0
      Temps:          0       0       0       0       0       0       0
      Totals:         7       0       0       0       0       0       0
Total ram usage:        7 bytes
 Hardware stack levels used:    1
 Hardware stack levels required when called:    1
 This function calls:
		Nothing
 This function is called by:
		_main
 This function uses a non-reentrant model


 *************** function _isr *****************
 Defined at:
		line 5 in file "isr.c"
 Parameters:    Size  Location     Type
		None
 Auto vars:     Size  Location     Type
		None
 Return value:  Size  Location     Type
                  1    wreg      void 
 Registers used:
		wreg, status,2, status,0
 Tracked objects:
		On entry : 
		On exit  : 
		Unchanged: 
 Data sizes:     COMRAM   BANK0   BANK1   BANK2   BANK3   BANK4   BANK5
      Params:         0       0       0       0       0       0       0
      Locals:         0       0       0       0       0       0       0
      Temps:         14       0       0       0       0       0       0
      Totals:        14       0       0       0       0       0       0
Total ram usage:       14 bytes
 Hardware stack levels used:    1
 This function calls:
		Nothing
 This function is called by:
		Interrupt level 2
 This function uses a non-reentrant model



MODULE INFORMATION

Module		Function		Class		Link	Load	Size
matrix_keypad.c
		_init_matrix_keypad		CODE           	0E82	0000	19
		_read_switches 		CODE           	0C30	0000	67
		_scan_key      		CODE           	0A40	0000	121

matrix_keypad.c estimated size: 207

i2c.c
		_i2c_start     		CODE           	0ED8	0000	9
		_i2c_no_ack    		CODE           	0EF8	0000	7
		_i2c_rep_start 		CODE           	0EE0	0000	9
		_i2c_idle      		CODE           	0EF0	0000	9
		_i2c_write     		CODE           	0EB8	0000	13
		_i2c_stop      		CODE           	0ED0	0000	9
		_i2c_read      		CODE           	0EC4	0000	13
		_init_i2c      		CODE           	0E5A	0000	23
		_i2c_rx_mode   		CODE           	0EE8	0000	9

i2c.c estimated size: 101

timer0.c
		_init_timer0   		CODE           	0E2A	0000	25

timer0.c estimated size: 25

ds1307.c
		_read_ds1307   		CODE           	0D22	0000	43
		_write_ds1307  		CODE           	0E0C	0000	31
		_init_ds1307   		CODE           	0B88	0000	87

ds1307.c estimated size: 161

eeprom.c
		_read_internal_eeprom		CODE           	0E70	0000	19
		_write_internal_eeprom		CODE           	0D9C	0000	39

eeprom.c estimated size: 58

adc.c
		_init_adc      		CODE           	0D4C	0000	41
		_read_adc      		CODE           	0DC2	0000	39

adc.c estimated size: 80

isr.c
		_isr           		CODE           	0008	0000	173

isr.c estimated size: 173

/opt/microchip/xc8/v1.36/sources/common/lwmod.c
		___lwmod       		CODE           	0C72	0000	67

/opt/microchip/xc8/v1.36/sources/common/lwmod.c estimated size: 67

shared
		__initialization		CODE           	0CB4	0000	43

shared estimated size: 43

clcd.c
		_clcd_write    		CODE           	0D74	0000	41
		_clcd_print    		CODE           	0B28	0000	97
		_clcd_putch    		CODE           	0E42	0000	25
		_init_clcd     		CODE           	0CEC	0000	55

clcd.c estimated size: 218

init_i2c_config.c
		_init_i2c_config		CODE           	0E94	0000	19

init_i2c_config.c estimated size: 19

main.c
		_display_time  		CODE           	0EA6	0000	19
		_main          		CODE           	061C	0000	903
		_get_time      		CODE           	0AB8	0000	113
		_init_config   		CODE           	0DE8	0000	37

main.c estimated size: 1072

/opt/microchip/xc8/v1.36/sources/common/lwdiv.c
		___lwdiv       		CODE           	0BDE	0000	83

/opt/microchip/xc8/v1.36/sources/common/lwdiv.c estimated size: 83

